<ul>
<li>Test page</li>
<li>Icon old: <md-icon icon="/images/icon-package/icon.svg"></md-icon></li>
<li>Icon new: <md-icon md-svg-src="/images/icon-package/icon.svg"></md-icon></li>
<li>Object: <object class="some-class" data="/images/icon-package/icon.svg"></object></li>
<li>Image: <img src="/images/icon-package/icon.png"></li>
</ul>
