<ul>
<li>No src tags test page</li>
<li>No src: <img alt="No src image"></li>
</ul>
